进入指定目录，下载压缩文件
[root@begincode src]# wget http://nginx.org/download/nginx-1.23.1.tar.gz
[root@begincode src]# tar zxvf nginx-1.23.1.tar.gz #解压
[root@begincode src]# cd nginx-1.23.1
2、编译安装

 [root@begincode nginx-1.23.1]#./configure --prefix=/usr/local/src/nginx --with-http_stub_status_module --with-http_ssl_module --with-http_image_filter_module 

 [root@begincode nginx-1.23.1]# make && make install
3、修改配置文件

进入nginx安装目录 
[root@begincode nginx-1.23.1]# cd /usr/local/src/nginx/conf
编辑配置文件
[root@begincode conf]# vi nginx.conf
worker_processes  2;

events {
    worker_connections  1024;
}


http {
    include       mime.types;
    default_type  application/octet-stream;

    log_format  main  '$remote_addr - $remote_user [$time_local] "$request" '
                      '$status $body_bytes_sent "$http_referer" '
                      '"$http_user_agent" "$http_x_forwarded_for"';

    access_log  logs/access.log  main;
    sendfile        on;
    keepalive_timeout  65;
    gzip  on;
    upstream api{
     server 127.0.0.1:端口;
    }
    upstream blog{
     server 127.0.0.1:端口;
    }
    server {
        listen       80;
        server_name  www.begincode.net;
	      if ( $host != 'www.begincode.net' ){
	        return 403;
	      }
        location / {
             proxy_pass http://blog;
             proxy_redirect off;
             proxy_set_header X-Forwarded-For $proxy_add_x_forwarded_for;
             proxy_set_header X-Real-IP $remote_addr;
             proxy_set_header Host $http_host;
        }

       location /api {
            proxy_pass http://api;
            proxy_redirect off;
            proxy_set_header X-Forwarded-For $proxy_add_x_forwarded_for;
            proxy_set_header X-Real-IP $remote_addr;
            proxy_set_header Host $http_host;
       }

         location ~* /images/(.+)_(\d+)x(\d+)\.(jpg|jpeg|gif|png)$ {
            set $w $2;
            set $h $3;
            image_filter resize $w $h;
            image_filter_buffer 30M; #设置图片缓冲区的最大大小，大小超过设定值，服务器将返回错误415
            image_filter_interlace on;
            image_filter_jpeg_quality 95;
            try_files /$1.$4 /notfound.jpg;
            expires 1d;
            add_header 'Access-Control-Allow-Origin' '*';
            add_header 'Access-Control-Allow-Credentials' 'true';
            alias /图片存储绝对路径 ;
        }

        location /images {
          alias  /图片存储绝对路径 ;
          autoindex on; #打开目录浏览功能
        }

        error_page   500 502 503 504  /50x.html;
        location = /50x.html {
            root   html;
        }

        location ~ /\.ht {
            deny  all;
        }
        location ~ \.cgi {
            deny all;
       }
    }
}
4、启动nginx ,进入nginx中的sbin目录

[root@begincode nginx-1.23.1]# cd /usr/local/src/nginx/sbin/
[root@begincode sbin]# nginx
五、基本命令：

cd /usr/local/src/nginx/sbin
#启动
./nginx
#重新载入配置文件
/usr/local/src/nginx/sbin/nginx -s reload 
#重启服务
/usr/local/src/nginx/sbin/nginx -s reopen 
#停止服务
/usr/local/src/nginx/sbin/nginx -s stop 




#centos7-nginx安装脚本
#!/bin/bash
systemctl stop firewalld
result()
{
	if [[ $1 != 0 ]];then
			printf -- "\e[1;5;31m错误\e[0m,code: $1\n"
			exit 1
	else
			printf -- "\e[1;32m完成\e[0m\n"
	fi
}

install_nginx()
{
	printf -- "\n\e[1m安装Nginx:\e[0m\n"
    mkdir -p /home/{www,conf/nginx}
	re=`rpm -qa|grep nginx`
	if [[ -z $re ]];then
		if [[ ! -f nginx-1.16.1-1.el7.ngx.x86_64.rpm ]];then
			rpm -Uvh http://nginx.org/packages/centos/7/noarch/RPMS/nginx-release-centos-7-0.el7.ngx.noarch.rpm
			yum install -y nginx
		else
			yum install -y nginx-1.16.1-1.el7.ngx.x86_64.rpm
		fi
        mv /etc/nginx/conf.d/default.conf /home/conf/nginx/
		ln -s /home/conf/nginx/default.conf /etc/nginx/conf.d/
        cp /usr/share/nginx/html /home/www/
        sed -i "s/\/usr\/share\/nginx\/html/\/home\/www\/html/g" /home/conf/nginx/default.conf
		systemctl start nginx.service \
		&& systemctl enable nginx.service
		result $?
	else
		echo "$re已存在，跳过安装."
	fi
	shellwidth=`stty size|awk '{print $2}'`;yes "-" | sed $shellwidth'q' | tr -d '\n'
}
install_nginx


#nginx-auto-start
#/usr/lib/systemd/system/nginx.service
cat > /usr/lib/systemd/system/nginx.service << 'EOF'
[Unit]
Description=Custom NGINX Service
After=network.target

[Service]
Type=forking
PIDFile=/usr/local/nginx/logs/nginx.pid
Environment="NGINX_CONF=/usr/local/nginx/config/nginx.conf"
ExecStartPre=/usr/bin/rm -f /usr/local/nginx/logs/nginx.pid
ExecStartPre=/usr/local/nginx/sbin/nginx -t -c $NGINX_CONF
ExecStart=/usr/sbin/nginx -c $NGINX_CONF
ExecReload=/usr/sbin/nginx -s reload -c $NGINX_CONF
ExecStop=/bin/kill -s QUIT $MAINPID
Restart=on-failure
RestartSec=5s

[Install]
WantedBy=multi-user.target

EOF


